../Drivers/CMSIS/Include/core_cm4.h:1775:22:__NVIC_ClearPendingIRQ	16	static
../Core/Src/ConnectFour.c:23:6:gameInit	16	static
../Core/Src/ConnectFour.c:36:6:changePlayer	4	static
../Core/Src/ConnectFour.c:48:6:placeChip	16	static
../Core/Src/ConnectFour.c:69:6:winScenario	8	static
../Core/Src/ConnectFour.c:77:6:runAITurn	64	static
../Core/Src/ConnectFour.c:104:6:moveLeft	4	static
../Core/Src/ConnectFour.c:111:6:moveRight	4	static
../Core/Src/ConnectFour.c:120:6:clearBoard	16	static
../Core/Src/ConnectFour.c:134:6:setSpaceColor	16	static
../Core/Src/ConnectFour.c:140:9:checkWin	16	static
../Core/Src/ConnectFour.c:219:9:getNextOpenSpot	24	static
../Core/Src/ConnectFour.c:231:9:getSpaceColor	16	static
../Core/Src/ConnectFour.c:237:9:getTurn	4	static
../Core/Src/ConnectFour.c:243:9:getActiveSpot	4	static
../Core/Src/ConnectFour.c:249:6:makeAIMove	24	static
../Core/Src/ConnectFour.c:258:6:undoAIMove	24	static
../Core/Src/ConnectFour.c:268:9:evaluateBoard	32	static
../Core/Src/ConnectFour.c:343:9:minimax	16	static
../Core/Src/ConnectFour.c:372:9:getBestAIMove	16	static
../Core/Src/ConnectFour.c:394:8:getWin	4	static
../Core/Src/ConnectFour.c:400:9:getRedWins	4	static
../Core/Src/ConnectFour.c:403:9:getYellowWins	4	static
../Core/Src/ConnectFour.c:409:6:clearWins	4	static
../Core/Src/ConnectFour.c:417:6:TIM2_IRQHandler	8	static
../Core/Src/ConnectFour.c:433:6:startTimer	8	static
../Core/Src/ConnectFour.c:440:6:stopTimer	8	static
../Core/Src/ConnectFour.c:446:6:resetTimer	4	static
../Core/Src/ConnectFour.c:452:10:getTimer	4	static
